// Jest Snapshot v1, https://goo.gl/fbAQLP

exports[`(components) footer Snap Shot 1`] = `
<div>
  <footer>
    <p>
      Footer
    </p>
  </footer>
</div>
`;
