// Jest Snapshot v1, https://goo.gl/fbAQLP

exports[`(components) header Snap Shot 1`] = `
<div>
  <header>
    <p>
      Header
    </p>
  </header>
</div>
`;
